// Jest Snapshot v1, https://goo.gl/fbAQLP

exports[`expanded content render 1`] = `
<Fragment>
  <div
    className="pf-c-clipboard-copy__expandable-content class-1"
    contentEditable={true}
    id="id-1"
    onInput={[Function]}
    suppressContentEditableWarning={true}
  />
</Fragment>
`;
